361-
362-[Incubating] Problems report is available at: file:///home/runner/work/yrh-esim-app-1/yrh-esim-app-1/android/build/reports/problems/problems-report.html
363-
364-FAILURE: Build failed with an exception.
365-
366:* What went wrong:
367-Execution failed for task ':app:createBundleReleaseJsAndAssets'.
368-> Process 'command 'node'' finished with non-zero exit value 1
369-
370-* Try:
371-> Run with --stacktrace option to get the stack trace.
372-> Run with --info or --debug option to get more log output.
373-> Run with --scan to get full insights.
374-> Get more help at https://help.gradle.org.
375-
376-Deprecated Gradle features were used in this build, making it incompatible with Gradle 9.0.
377-
378-You can use '--warning-mode all' to show the individual deprecation warnings and determine if they come from your own scripts or plugins.
379-
380-For more on this, please refer to https://docs.gradle.org/8.14.3/userguide/command_line_interface.html#sec:command_line_warnings in the Gradle documentation.
381-
382-BUILD FAILED in 5m 9s
383-136 actionable tasks: 136 executed
=========== LAST 300 LINES ===========
  - ndk:         [32m27.1.12297006[0m
  - kotlin:      [32m2.1.20[0m
  - ksp:         [32m2.1.20-2.0.1[0m

> Configure project :app
Checking the license for package NDK (Side by side) 27.1.12297006 in /usr/local/lib/android/sdk/licenses
License for package NDK (Side by side) 27.1.12297006 accepted.
Preparing "Install NDK (Side by side) 27.1.12297006 v.27.1.12297006".
"Install NDK (Side by side) 27.1.12297006 v.27.1.12297006" ready.
Installing NDK (Side by side) 27.1.12297006 in /usr/local/lib/android/sdk/ndk/27.1.12297006
"Install NDK (Side by side) 27.1.12297006 v.27.1.12297006" complete.
"Install NDK (Side by side) 27.1.12297006 v.27.1.12297006" finished.

> Configure project :expo

Using expo modules
  - [32mexpo-constants[0m (18.0.14)
  - [32mexpo-modules-core[0m (3.0.30)
  - [33m[📦][0m [32mexpo-asset[0m (12.0.13)
  - [33m[📦][0m [32mexpo-file-system[0m (19.0.24)
  - [33m[📦][0m [32mexpo-font[0m (14.0.12)
  - [33m[📦][0m [32mexpo-keep-awake[0m (15.0.8)
  - [33m[📦][0m [32mexpo-localization[0m (17.0.9)
  - [33m[📦][0m [32mexpo-web-browser[0m (15.0.11)


> Task :expo-modules-core:preBuild UP-TO-DATE
> Task :app:generateAutolinkingNewArchitectureFiles
> Task :app:generateAutolinkingPackageList
> Task :app:generateCodegenSchemaFromJavaScript SKIPPED
> Task :app:generateCodegenArtifactsFromSchema SKIPPED
> Task :app:generateReactNativeEntryPoint
> Task :expo-modules-core:preReleaseBuild UP-TO-DATE

> Task :expo-constants:createExpoConfig
The NODE_ENV environment variable is required but was not specified. Ensure the project is bundled with Expo CLI or NODE_ENV is set. Using only .env.local and .env

> Task :expo-constants:preBuild
> Task :expo-constants:preReleaseBuild
> Task :react-native-safe-area-context:generateCodegenSchemaFromJavaScript
> Task :expo-constants:mergeReleaseJniLibFolders
> Task :expo-constants:mergeReleaseNativeLibs NO-SOURCE
> Task :expo-constants:copyReleaseJniLibsProjectOnly
> Task :expo-constants:checkKotlinGradlePluginConfigurationErrors SKIPPED
> Task :expo-constants:generateReleaseBuildConfig
> Task :expo-constants:generateReleaseResValues
> Task :expo-constants:generateReleaseResources
> Task :expo:generatePackagesList
> Task :expo-constants:packageReleaseResources
> Task :expo:preBuild
> Task :expo:preReleaseBuild
> Task :expo:mergeReleaseJniLibFolders
> Task :expo:mergeReleaseNativeLibs NO-SOURCE
> Task :expo:copyReleaseJniLibsProjectOnly
> Task :expo:checkKotlinGradlePluginConfigurationErrors SKIPPED
> Task :expo:generateReleaseBuildConfig
> Task :expo:generateReleaseResValues
> Task :react-native-safe-area-context:generateCodegenArtifactsFromSchema
> Task :react-native-safe-area-context:preBuild
> Task :app:preBuild
> Task :app:preReleaseBuild
> Task :expo:generateReleaseResources
> Task :react-native-safe-area-context:preReleaseBuild
> Task :react-native-safe-area-context:mergeReleaseJniLibFolders
> Task :react-native-safe-area-context:mergeReleaseNativeLibs NO-SOURCE
> Task :react-native-safe-area-context:copyReleaseJniLibsProjectOnly
> Task :react-native-safe-area-context:checkKotlinGradlePluginConfigurationErrors SKIPPED
> Task :react-native-safe-area-context:generateReleaseBuildConfig
> Task :react-native-safe-area-context:generateReleaseResValues
> Task :react-native-safe-area-context:generateReleaseResources
> Task :react-native-safe-area-context:packageReleaseResources
> Task :expo-constants:parseReleaseLocalResources
> Task :react-native-safe-area-context:parseReleaseLocalResources
> Task :expo:packageReleaseResources
> Task :react-native-safe-area-context:generateReleaseRFile
> Task :react-native-safe-area-context:javaPreCompileRelease

> Task :expo-modules-core:configureCMakeRelWithDebInfo[arm64-v8a]
Checking the license for package CMake 3.22.1 in /usr/local/lib/android/sdk/licenses
License for package CMake 3.22.1 accepted.
Preparing "Install CMake 3.22.1 v.3.22.1".
"Install CMake 3.22.1 v.3.22.1" ready.
Installing CMake 3.22.1 in /usr/local/lib/android/sdk/cmake/3.22.1
"Install CMake 3.22.1 v.3.22.1" complete.
"Install CMake 3.22.1 v.3.22.1" finished.

> Task :expo:parseReleaseLocalResources
> Task :expo:generateReleaseRFile
> Task :expo-constants:generateReleaseRFile
> Task :expo-constants:javaPreCompileRelease
> Task :expo:javaPreCompileRelease
> Task :expo:writeReleaseAarMetadata
> Task :expo-constants:writeReleaseAarMetadata
> Task :react-native-safe-area-context:writeReleaseAarMetadata
> Task :expo:extractDeepLinksRelease
> Task :expo:processReleaseManifest
> Task :expo-constants:extractDeepLinksRelease
> Task :expo-constants:processReleaseManifest
> Task :react-native-safe-area-context:extractDeepLinksRelease

> Task :react-native-safe-area-context:processReleaseManifest
package="com.th3rdwave.safeareacontext" found in source AndroidManifest.xml: /home/runner/work/yrh-esim-app-1/yrh-esim-app-1/node_modules/react-native-safe-area-context/android/src/main/AndroidManifest.xml.
Setting the namespace via the package attribute in the source AndroidManifest.xml is no longer supported, and the value is ignored.
Recommendation: remove package="com.th3rdwave.safeareacontext" from the source AndroidManifest.xml: /home/runner/work/yrh-esim-app-1/yrh-esim-app-1/node_modules/react-native-safe-area-context/android/src/main/AndroidManifest.xml.

> Task :expo:compileReleaseLibraryResources
> Task :expo-constants:compileReleaseLibraryResources
> Task :react-native-safe-area-context:compileReleaseLibraryResources
> Task :expo:prepareReleaseArtProfile
> Task :expo-constants:prepareReleaseArtProfile
> Task :react-native-safe-area-context:prepareReleaseArtProfile
> Task :expo:mergeReleaseShaders
> Task :expo:compileReleaseShaders NO-SOURCE
> Task :expo:generateReleaseAssets UP-TO-DATE
> Task :expo:mergeReleaseAssets
> Task :expo-constants:mergeReleaseShaders
> Task :expo-constants:compileReleaseShaders NO-SOURCE
> Task :expo-constants:generateReleaseAssets UP-TO-DATE
> Task :expo-constants:mergeReleaseAssets
> Task :react-native-safe-area-context:mergeReleaseShaders
> Task :react-native-safe-area-context:compileReleaseShaders NO-SOURCE
> Task :react-native-safe-area-context:generateReleaseAssets UP-TO-DATE
> Task :react-native-safe-area-context:mergeReleaseAssets
> Task :expo:extractProguardFiles
> Task :expo-constants:extractProguardFiles
> Task :expo-constants:prepareLintJarForPublish
> Task :expo:prepareLintJarForPublish
> Task :react-native-safe-area-context:extractProguardFiles
> Task :react-native-safe-area-context:prepareLintJarForPublish
> Task :react-native-safe-area-context:stripReleaseDebugSymbols NO-SOURCE
> Task :react-native-safe-area-context:copyReleaseJniLibsProjectAndLocalJars
> Task :react-native-safe-area-context:extractDeepLinksForAarRelease
> Task :expo:stripReleaseDebugSymbols NO-SOURCE
> Task :expo:copyReleaseJniLibsProjectAndLocalJars
> Task :expo:extractDeepLinksForAarRelease
> Task :expo-constants:stripReleaseDebugSymbols NO-SOURCE
> Task :expo-constants:copyReleaseJniLibsProjectAndLocalJars
> Task :expo-constants:extractDeepLinksForAarRelease
> Task :expo-constants:writeReleaseLintModelMetadata
> Task :expo:writeReleaseLintModelMetadata
> Task :react-native-safe-area-context:writeReleaseLintModelMetadata
> Task :expo-constants:mapReleaseSourceSetPaths
> Task :expo-constants:mergeReleaseResources
> Task :expo-constants:verifyReleaseResources
> Task :react-native-safe-area-context:mapReleaseSourceSetPaths

> Task :react-native-safe-area-context:compileReleaseKotlin
w: file:///home/runner/work/yrh-esim-app-1/yrh-esim-app-1/node_modules/react-native-safe-area-context/android/src/main/java/com/th3rdwave/safeareacontext/SafeAreaView.kt:59:23 'val uiImplementation: UIImplementation!' is deprecated. Deprecated in Java.

> Task :react-native-safe-area-context:mergeReleaseResources
> Task :app:configureCMakeRelWithDebInfo[arm64-v8a]
> Task :react-native-safe-area-context:compileReleaseJavaWithJavac
> Task :react-native-safe-area-context:bundleLibRuntimeToDirRelease
> Task :react-native-safe-area-context:bundleLibCompileToJarRelease
> Task :react-native-safe-area-context:bundleLibRuntimeToJarRelease
> Task :react-native-safe-area-context:processReleaseJavaRes
> Task :react-native-safe-area-context:createFullJarRelease
> Task :expo-modules-core:buildCMakeRelWithDebInfo[arm64-v8a]
> Task :app:buildCMakeRelWithDebInfo[arm64-v8a]
> Task :app:configureCMakeRelWithDebInfo[armeabi-v7a]
> Task :react-native-safe-area-context:generateReleaseLintModel
> Task :expo-modules-core:configureCMakeRelWithDebInfo[armeabi-v7a]
> Task :react-native-safe-area-context:extractReleaseAnnotations
> Task :react-native-safe-area-context:mergeReleaseGeneratedProguardFiles
> Task :react-native-safe-area-context:mergeReleaseConsumerProguardFiles
> Task :react-native-safe-area-context:mergeReleaseJavaResource
> Task :react-native-safe-area-context:syncReleaseLibJars
> Task :react-native-safe-area-context:bundleReleaseLocalLintAar
> Task :react-native-safe-area-context:generateReleaseLintVitalModel
> Task :react-native-safe-area-context:bundleReleaseAar
> Task :app:buildCMakeRelWithDebInfo[armeabi-v7a]
> Task :app:configureCMakeRelWithDebInfo[x86]
> Task :react-native-safe-area-context:verifyReleaseResources
> Task :react-native-safe-area-context:assembleRelease
> Task :expo-modules-core:buildCMakeRelWithDebInfo[armeabi-v7a]
> Task :react-native-safe-area-context:lintVitalAnalyzeRelease
> Task :app:buildCMakeRelWithDebInfo[x86]
> Task :expo-modules-core:configureCMakeRelWithDebInfo[x86]
> Task :app:configureCMakeRelWithDebInfo[x86_64]
> Task :app:buildCMakeRelWithDebInfo[x86_64]
> Task :app:mergeReleaseJniLibFolders
> Task :app:checkReleaseDuplicateClasses
> Task :app:buildKotlinToolingMetadata
> Task :app:checkKotlinGradlePluginConfigurationErrors SKIPPED
> Task :app:generateReleaseBuildConfig

> Task :app:createBundleReleaseJsAndAssets
Starting Metro Bundler
Android Bundling failed 262ms index.js (1 module)
SyntaxError: index.js: Cannot find module 'babel-preset-expo'
Require stack:
- /home/runner/work/yrh-esim-app-1/yrh-esim-app-1/node_modules/@babel/core/lib/config/files/plugins.js
- /home/runner/work/yrh-esim-app-1/yrh-esim-app-1/node_modules/@babel/core/lib/config/files/index.js
- /home/runner/work/yrh-esim-app-1/yrh-esim-app-1/node_modules/@babel/core/lib/index.js
- /home/runner/work/yrh-esim-app-1/yrh-esim-app-1/node_modules/expo/node_modules/@expo/metro-config/build/transform-worker/metro-transform-worker.js
- /home/runner/work/yrh-esim-app-1/yrh-esim-app-1/node_modules/expo/node_modules/@expo/metro-config/build/transform-worker/transform-worker.js
- /home/runner/work/yrh-esim-app-1/yrh-esim-app-1/node_modules/metro/src/DeltaBundler/Worker.flow.js
- /home/runner/work/yrh-esim-app-1/yrh-esim-app-1/node_modules/metro/src/DeltaBundler/Worker.js
- /home/runner/work/yrh-esim-app-1/yrh-esim-app-1/node_modules/jest-worker/build/workers/processChild.js

Make sure that all the Babel plugins and presets you are using
are defined as dependencies or devDependencies in your package.json
file. It's possible that the missing plugin is loaded by a preset
you are using that forgot to add the plugin to its dependencies: you
can workaround this problem by explicitly adding the missing package
to your top-level package.json.

Error: Cannot find module 'babel-preset-expo'
Require stack:
- /home/runner/work/yrh-esim-app-1/yrh-esim-app-1/node_modules/@babel/core/lib/config/files/plugins.js
- /home/runner/work/yrh-esim-app-1/yrh-esim-app-1/node_modules/@babel/core/lib/config/files/index.js
- /home/runner/work/yrh-esim-app-1/yrh-esim-app-1/node_modules/@babel/core/lib/index.js
- /home/runner/work/yrh-esim-app-1/yrh-esim-app-1/node_modules/expo/node_modules/@expo/metro-config/build/transform-worker/metro-transform-worker.js
- /home/runner/work/yrh-esim-app-1/yrh-esim-app-1/node_modules/expo/node_modules/@expo/metro-config/build/transform-worker/transform-worker.js
- /home/runner/work/yrh-esim-app-1/yrh-esim-app-1/node_modules/metro/src/DeltaBundler/Worker.flow.js
- /home/runner/work/yrh-esim-app-1/yrh-esim-app-1/node_modules/metro/src/DeltaBundler/Worker.js
- /home/runner/work/yrh-esim-app-1/yrh-esim-app-1/node_modules/jest-worker/build/workers/processChild.js

Make sure that all the Babel plugins and presets you are using
are defined as dependencies or devDependencies in your package.json
file. It's possible that the missing plugin is loaded by a preset
you are using that forgot to add the plugin to its dependencies: you
can workaround this problem by explicitly adding the missing package
to your top-level package.json.

    at Module._resolveFilename (node:internal/modules/cjs/loader:1207:15)
    at resolve (node:internal/modules/helpers:193:19)
    at tryRequireResolve (/home/runner/work/yrh-esim-app-1/yrh-esim-app-1/node_modules/@babel/core/lib/config/files/plugins.js:128:11)
    at resolveStandardizedNameForRequire (/home/runner/work/yrh-esim-app-1/yrh-esim-app-1/node_modules/@babel/core/lib/config/files/plugins.js:162:19)
    at resolveStandardizedName (/home/runner/work/yrh-esim-app-1/yrh-esim-app-1/node_modules/@babel/core/lib/config/files/plugins.js:183:12)
    at loadPreset (/home/runner/work/yrh-esim-app-1/yrh-esim-app-1/node_modules/@babel/core/lib/config/files/plugins.js:68:7)
    at loadPreset.next (<anonymous>)
    at createDescriptor (/home/runner/work/yrh-esim-app-1/yrh-esim-app-1/node_modules/@babel/core/lib/config/config-descriptors.js:140:16)
    at createDescriptor.next (<anonymous>)
    at evaluateSync (/home/runner/work/yrh-esim-app-1/yrh-esim-app-1/node_modules/gensync/index.js:251:28)
    at /home/runner/work/yrh-esim-app-1/yrh-esim-app-1/node_modules/gensync/index.js:31:34
    at Array.map (<anonymous>)
    at Function.sync (/home/runner/work/yrh-esim-app-1/yrh-esim-app-1/node_modules/gensync/index.js:31:22)
    at Function.all (/home/runner/work/yrh-esim-app-1/yrh-esim-app-1/node_modules/gensync/index.js:210:24)
    at Generator.next (<anonymous>)
    at createDescriptors (/home/runner/work/yrh-esim-app-1/yrh-esim-app-1/node_modules/@babel/core/lib/config/config-descriptors.js:102:41)
    at createDescriptors.next (<anonymous>)
    at createPresetDescriptors (/home/runner/work/yrh-esim-app-1/yrh-esim-app-1/node_modules/@babel/core/lib/config/config-descriptors.js:96:17)
    at createPresetDescriptors.next (<anonymous>)
    at /home/runner/work/yrh-esim-app-1/yrh-esim-app-1/node_modules/@babel/core/lib/gensync-utils/functional.js:22:27
    at Generator.next (<anonymous>)
    at mergeChainOpts (/home/runner/work/yrh-esim-app-1/yrh-esim-app-1/node_modules/@babel/core/lib/config/config-chain.js:350:34)
    at mergeChainOpts.next (<anonymous>)
    at chainWalker (/home/runner/work/yrh-esim-app-1/yrh-esim-app-1/node_modules/@babel/core/lib/config/config-chain.js:316:14)
    at chainWalker.next (<anonymous>)
    at loadFileChain (/home/runner/work/yrh-esim-app-1/yrh-esim-app-1/node_modules/@babel/core/lib/config/config-chain.js:191:24)
    at loadFileChain.next (<anonymous>)
    at mergeExtendsChain (/home/runner/work/yrh-esim-app-1/yrh-esim-app-1/node_modules/@babel/core/lib/config/config-chain.js:328:28)
    at mergeExtendsChain.next (<anonymous>)
    at chainWalker (/home/runner/work/yrh-esim-app-1/yrh-esim-app-1/node_modules/@babel/core/lib/config/config-chain.js:312:20)
    at chainWalker.next (<anonymous>)
    at buildRootChain (/home/runner/work/yrh-esim-app-1/yrh-esim-app-1/node_modules/@babel/core/lib/config/config-chain.js:56:36)
    at buildRootChain.next (<anonymous>)
    at loadPrivatePartialConfig (/home/runner/work/yrh-esim-app-1/yrh-esim-app-1/node_modules/@babel/core/lib/config/partial.js:72:62)
    at loadPrivatePartialConfig.next (<anonymous>)
    at loadFullConfig (/home/runner/work/yrh-esim-app-1/yrh-esim-app-1/node_modules/@babel/core/lib/config/full.js:36:46)
    at loadFullConfig.next (<anonymous>)
    at transform (/home/runner/work/yrh-esim-app-1/yrh-esim-app-1/node_modules/@babel/core/lib/transform.js:20:44)
    at transform.next (<anonymous>)
    at evaluateSync (/home/runner/work/yrh-esim-app-1/yrh-esim-app-1/node_modules/gensync/index.js:251:28)
    at sync (/home/runner/work/yrh-esim-app-1/yrh-esim-app-1/node_modules/gensync/index.js:89:14)
    at stopHiding - secret - don't use this - v1 (/home/runner/work/yrh-esim-app-1/yrh-esim-app-1/node_modules/@babel/core/lib/errors/rewrite-stack-trace.js:47:12)
    at Object.transformSync (/home/runner/work/yrh-esim-app-1/yrh-esim-app-1/node_modules/@babel/core/lib/transform.js:40:76)
    at parseWithBabel (/home/runner/work/yrh-esim-app-1/yrh-esim-app-1/node_modules/expo/node_modules/@expo/metro-config/build/transformSync.js:75:18)
    at transformSync (/home/runner/work/yrh-esim-app-1/yrh-esim-app-1/node_modules/expo/node_modules/@expo/metro-config/build/transformSync.js:64:12)
    at Object.transform (/home/runner/work/yrh-esim-app-1/yrh-esim-app-1/node_modules/expo/node_modules/@expo/metro-config/build/babel-transformer.js:127:58)
    at transformJSWithBabel (/home/runner/work/yrh-esim-app-1/yrh-esim-app-1/node_modules/expo/node_modules/@expo/metro-config/build/transform-worker/metro-transform-worker.js:468:47)
    at Object.transform (/home/runner/work/yrh-esim-app-1/yrh-esim-app-1/node_modules/expo/node_modules/@expo/metro-config/build/transform-worker/metro-transform-worker.js:583:12)
    at Object.transform (/home/runner/work/yrh-esim-app-1/yrh-esim-app-1/node_modules/expo/node_modules/@expo/metro-config/build/transform-worker/transform-worker.js:178:19)

> Task :app:createBundleReleaseJsAndAssets FAILED
> Task :expo-modules-core:buildCMakeRelWithDebInfo[x86]

[Incubating] Problems report is available at: file:///home/runner/work/yrh-esim-app-1/yrh-esim-app-1/android/build/reports/problems/problems-report.html

FAILURE: Build failed with an exception.

* What went wrong:
Execution failed for task ':app:createBundleReleaseJsAndAssets'.
> Process 'command 'node'' finished with non-zero exit value 1

* Try:
> Run with --stacktrace option to get the stack trace.
> Run with --info or --debug option to get more log output.
> Run with --scan to get full insights.
> Get more help at https://help.gradle.org.

Deprecated Gradle features were used in this build, making it incompatible with Gradle 9.0.

You can use '--warning-mode all' to show the individual deprecation warnings and determine if they come from your own scripts or plugins.

For more on this, please refer to https://docs.gradle.org/8.14.3/userguide/command_line_interface.html#sec:command_line_warnings in the Gradle documentation.

BUILD FAILED in 5m 9s
136 actionable tasks: 136 executed
